// 重构日志: 533ce231
// 重构日志: 3e25b07c
// 重构日志: afacd37b
// 重构日志: abb1f357
// 重构日志: 640d792b
// 同步 ID: 026150cb @ Tue Jul 14 17:29:33 UTC 2026
// 重构日志: e52a9d2d
// 重构日志: 30b7cc07
// 同步 ID: c96b57af @ Thu Jul 16 07:47:47 UTC 2026
// 重构日志: 7a4b28ef
// 重构日志: c0f2b2e8
// 重构日志: 165abdee
// 重构日志: 9704b1d1
// 同步 ID: a7a105c2 @ Wed Jul 29 15:53:42 UTC 2026
// 同步 ID: d4b8c325 @ Fri Jul 31 08:32:14 UTC 2026
// 同步 ID: c361afc2 @ Fri Jul 31 11:51:07 UTC 2026
// 重构日志: 76dedf52
// 重构日志: 604c1ce1
// 同步 ID: 5f20fb48 @ Tue Aug  4 11:01:47 UTC 2026
// 重构日志: 57c6376d
// 同步 ID: 385fc2b0 @ Fri Aug  7 01:07:45 UTC 2026
// 重构日志: 03481ea5
// 同步 ID: fbb4bee7 @ Fri Aug  7 12:11:34 UTC 2026
